{
    "sarscov2 paired-end [fastq] | skip_umi_extract": {
        "content": [
            [
                [
                    {
                        "id": "test",
                        "single_end": false
                    },
                    [
                        "test.paired.trim_1.fastq.gz:md5,4161df271f9bfcd25d5845a1e220dbec",
                        "test.paired.trim_2.fastq.gz:md5,2ebae722295ea66d84075a3b042e2b42"
                    ]
                ]
            ],
            [
                [
                    {
                        "id": "test",
                        "single_end": false
                    },
                    100.0
                ]
            ],
            [
                [
                    {
                        "id": "test",
                        "single_end": false
                    },
                    [
                        "test.unpaired.trim_1.fastq.gz:md5,d41d8cd98f00b204e9800998ecf8427e",
                        "test.unpaired.trim_2.fastq.gz:md5,d41d8cd98f00b204e9800998ecf8427e"
                    ]
                ]
            ],
            [
                
            ]
        ],
        "meta": {
            "nf-test": "0.9.2",
            "nextflow": "25.10.0"
        },
        "timestamp": "2026-02-10T17:25:59.523537625"
    },
    "sarscov2 paired-end [fastq] | with_umi": {
        "content": [
            [
                [
                    {
                        "id": "test",
                        "single_end": false
                    },
                    [
                        "test.paired.trim_1.fastq.gz:md5,4161df271f9bfcd25d5845a1e220dbec",
                        "test.paired.trim_2.fastq.gz:md5,2ebae722295ea66d84075a3b042e2b42"
                    ]
                ]
            ],
            [
                [
                    {
                        "id": "test",
                        "single_end": false
                    },
                    100.0
                ]
            ],
            [
                [
                    {
                        "id": "test",
                        "single_end": false
                    },
                    [
                        "test.unpaired.trim_1.fastq.gz:md5,d41d8cd98f00b204e9800998ecf8427e",
                        "test.unpaired.trim_2.fastq.gz:md5,d41d8cd98f00b204e9800998ecf8427e"
                    ]
                ]
            ]
        ],
        "meta": {
            "nf-test": "0.9.2",
            "nextflow": "25.10.0"
        },
        "timestamp": "2026-02-10T17:25:45.150323507"
    },
    "sarscov2 paired-end [fastq] | umi_discard_read = 2 - stub": {
        "content": [
            {
                "0": [
                    
                ],
                "1": [
                    [
                        {
                            "id": "test",
                            "single_end": false
                        },
                        "test_raw.html:md5,d41d8cd98f00b204e9800998ecf8427e"
                    ]
                ],
                "10": [
                    "versions.yml:md5,50ace978236dd4cd3f29be19f74174c8"
                ],
                "2": [
                    [
                        {
                            "id": "test",
                            "single_end": false
                        },
                        "test_raw.zip:md5,d41d8cd98f00b204e9800998ecf8427e"
                    ]
                ],
                "3": [
                    
                ],
                "4": [
                    [
                        {
                            "id": "test",
                            "single_end": false
                        },
                        "test.summary:md5,d41d8cd98f00b204e9800998ecf8427e"
                    ]
                ],
                "5": [
                    [
                        {
                            "id": "test",
                            "single_end": false
                        },
                        "test_trim.log:md5,d41d8cd98f00b204e9800998ecf8427e"
                    ]
                ],
                "6": [
                    [
                        {
                            "id": "test",
                            "single_end": false
                        },
                        [
                            "test.unpaired.trim_1.fastq.gz:md5,68b329da9893e34099c7d8ad5cb9c940",
                            "test.unpaired.trim_2.fastq.gz:md5,68b329da9893e34099c7d8ad5cb9c940"
                        ]
                    ]
                ],
                "7": [
                    [
                        {
                            "id": "test",
                            "single_end": false
                        },
                        0
                    ]
                ],
                "8": [
                    
                ],
                "9": [
                    
                ],
                "fastqc_raw_html": [
                    [
                        {
                            "id": "test",
                            "single_end": false
                        },
                        "test_raw.html:md5,d41d8cd98f00b204e9800998ecf8427e"
                    ]
                ],
                "fastqc_raw_zip": [
                    [
                        {
                            "id": "test",
                            "single_end": false
                        },
                        "test_raw.zip:md5,d41d8cd98f00b204e9800998ecf8427e"
                    ]
                ],
                "fastqc_trim_html": [
                    
                ],
                "fastqc_trim_zip": [
                    
                ],
                "reads": [
                    
                ],
                "trim_log": [
                    [
                        {
                            "id": "test",
                            "single_end": false
                        },
                        "test_trim.log:md5,d41d8cd98f00b204e9800998ecf8427e"
                    ]
                ],
                "trim_read_count": [
                    [
                        {
                            "id": "test",
                            "single_end": false
                        },
                        0
                    ]
                ],
                "trim_summ": [
                    [
                        {
                            "id": "test",
                            "single_end": false
                        },
                        "test.summary:md5,d41d8cd98f00b204e9800998ecf8427e"
                    ]
                ],
                "trim_unpaired_reads": [
                    [
                        {
                            "id": "test",
                            "single_end": false
                        },
                        [
                            "test.unpaired.trim_1.fastq.gz:md5,68b329da9893e34099c7d8ad5cb9c940",
                            "test.unpaired.trim_2.fastq.gz:md5,68b329da9893e34099c7d8ad5cb9c940"
                        ]
                    ]
                ],
                "umi_log": [
                    
                ],
                "versions": [
                    "versions.yml:md5,50ace978236dd4cd3f29be19f74174c8"
                ]
            }
        ],
        "meta": {
            "nf-test": "0.9.2",
            "nextflow": "25.10.0"
        },
        "timestamp": "2026-01-05T11:19:51.539064549"
    },
    "sarscov2 single-end [fastq]": {
        "content": [
            [
                
            ],
            [
                [
                    {
                        "id": "test",
                        "single_end": true
                    },
                    0.0
                ]
            ],
            null,
            null,
            [
                
            ]
        ],
        "meta": {
            "nf-test": "0.9.2",
            "nextflow": "25.10.0"
        },
        "timestamp": "2026-02-10T17:25:21.725149469"
    },
    "sarscov2 paired-end [fastq] | skip_trimming": {
        "content": [
            {
                "id": "test",
                "single_end": false
            },
            [
                
            ],
            [
                
            ],
            [
                
            ]
        ],
        "meta": {
            "nf-test": "0.9.2",
            "nextflow": "25.10.0"
        },
        "timestamp": "2026-02-10T17:26:22.166777919"
    },
    "sarscov2 paired-end [fastq] | skip_trimming - stub": {
        "content": [
            [
                [
                    {
                        "id": "test",
                        "single_end": false
                    },
                    "test_raw.html:md5,d41d8cd98f00b204e9800998ecf8427e"
                ]
            ],
            [
                [
                    {
                        "id": "test",
                        "single_end": false
                    },
                    "test_raw.zip:md5,d41d8cd98f00b204e9800998ecf8427e"
                ]
            ],
            [
                
            ],
            [
                
            ],
            [
                
            ],
            [
                
            ],
            [
                
            ],
            [
                
            ],
            [
                
            ],
            [
                
            ]
        ],
        "meta": {
            "nf-test": "0.9.2",
            "nextflow": "25.10.0"
        },
        "timestamp": "2026-01-05T12:03:08.459879823"
    },
    "sarscov2 paired-end [fastq] | umi_discard_read = 2": {
        "content": [
            [
                [
                    {
                        "id": "test",
                        "single_end": false
                    },
                    [
                        "test.paired.trim_1.fastq.gz:md5,4161df271f9bfcd25d5845a1e220dbec",
                        "test.paired.trim_2.fastq.gz:md5,2ebae722295ea66d84075a3b042e2b42"
                    ]
                ]
            ],
            [
                [
                    {
                        "id": "test",
                        "single_end": false
                    },
                    100.0
                ]
            ],
            [
                [
                    {
                        "id": "test",
                        "single_end": false
                    },
                    [
                        "test.unpaired.trim_1.fastq.gz:md5,d41d8cd98f00b204e9800998ecf8427e",
                        "test.unpaired.trim_2.fastq.gz:md5,d41d8cd98f00b204e9800998ecf8427e"
                    ]
                ]
            ],
            [
                
            ]
        ],
        "meta": {
            "nf-test": "0.9.2",
            "nextflow": "25.10.0"
        },
        "timestamp": "2026-02-10T17:26:11.347313808"
    },
    "sarscov2 paired-end [fastq] | min_trimmed_reads = 26 - stub": {
        "content": [
            {
                "0": [
                    
                ],
                "1": [
                    [
                        {
                            "id": "test",
                            "single_end": false
                        },
                        "test_raw.html:md5,d41d8cd98f00b204e9800998ecf8427e"
                    ]
                ],
                "10": [
                    "versions.yml:md5,50ace978236dd4cd3f29be19f74174c8"
                ],
                "2": [
                    [
                        {
                            "id": "test",
                            "single_end": false
                        },
                        "test_raw.zip:md5,d41d8cd98f00b204e9800998ecf8427e"
                    ]
                ],
                "3": [
                    
                ],
                "4": [
                    [
                        {
                            "id": "test",
                            "single_end": false
                        },
                        "test.summary:md5,d41d8cd98f00b204e9800998ecf8427e"
                    ]
                ],
                "5": [
                    [
                        {
                            "id": "test",
                            "single_end": false
                        },
                        "test_trim.log:md5,d41d8cd98f00b204e9800998ecf8427e"
                    ]
                ],
                "6": [
                    [
                        {
                            "id": "test",
                            "single_end": false
                        },
                        [
                            "test.unpaired.trim_1.fastq.gz:md5,68b329da9893e34099c7d8ad5cb9c940",
                            "test.unpaired.trim_2.fastq.gz:md5,68b329da9893e34099c7d8ad5cb9c940"
                        ]
                    ]
                ],
                "7": [
                    [
                        {
                            "id": "test",
                            "single_end": false
                        },
                        0
                    ]
                ],
                "8": [
                    
                ],
                "9": [
                    
                ],
                "fastqc_raw_html": [
                    [
                        {
                            "id": "test",
                            "single_end": false
                        },
                        "test_raw.html:md5,d41d8cd98f00b204e9800998ecf8427e"
                    ]
                ],
                "fastqc_raw_zip": [
                    [
                        {
                            "id": "test",
                            "single_end": false
                        },
                        "test_raw.zip:md5,d41d8cd98f00b204e9800998ecf8427e"
                    ]
                ],
                "fastqc_trim_html": [
                    
                ],
                "fastqc_trim_zip": [
                    
                ],
                "reads": [
                    
                ],
                "trim_log": [
                    [
                        {
                            "id": "test",
                            "single_end": false
                        },
                        "test_trim.log:md5,d41d8cd98f00b204e9800998ecf8427e"
                    ]
                ],
                "trim_read_count": [
                    [
                        {
                            "id": "test",
                            "single_end": false
                        },
                        0
                    ]
                ],
                "trim_summ": [
                    [
                        {
                            "id": "test",
                            "single_end": false
                        },
                        "test.summary:md5,d41d8cd98f00b204e9800998ecf8427e"
                    ]
                ],
                "trim_unpaired_reads": [
                    [
                        {
                            "id": "test",
                            "single_end": false
                        },
                        [
                            "test.unpaired.trim_1.fastq.gz:md5,68b329da9893e34099c7d8ad5cb9c940",
                            "test.unpaired.trim_2.fastq.gz:md5,68b329da9893e34099c7d8ad5cb9c940"
                        ]
                    ]
                ],
                "umi_log": [
                    
                ],
                "versions": [
                    "versions.yml:md5,50ace978236dd4cd3f29be19f74174c8"
                ]
            }
        ],
        "meta": {
            "nf-test": "0.9.2",
            "nextflow": "25.10.0"
        },
        "timestamp": "2026-01-05T11:20:28.432135306"
    },
    "sarscov2 paired-end [fastq] | save_trimmed_fail": {
        "content": [
            [
                [
                    {
                        "id": "test",
                        "single_end": false
                    },
                    [
                        "test.paired.trim_1.fastq.gz:md5,4161df271f9bfcd25d5845a1e220dbec",
                        "test.paired.trim_2.fastq.gz:md5,2ebae722295ea66d84075a3b042e2b42"
                    ]
                ]
            ],
            [
                [
                    {
                        "id": "test",
                        "single_end": false
                    },
                    100.0
                ]
            ],
            [
                [
                    {
                        "id": "test",
                        "single_end": false
                    },
                    [
                        "test.unpaired.trim_1.fastq.gz:md5,d41d8cd98f00b204e9800998ecf8427e",
                        "test.unpaired.trim_2.fastq.gz:md5,d41d8cd98f00b204e9800998ecf8427e"
                    ]
                ]
            ],
            [
                
            ]
        ],
        "meta": {
            "nf-test": "0.9.2",
            "nextflow": "25.10.0"
        },
        "timestamp": "2026-02-10T17:26:33.82873196"
    },
    "sarscov2 paired-end [fastq] | skip_fastqc": {
        "content": [
            [
                [
                    {
                        "id": "test",
                        "single_end": false
                    },
                    [
                        "test.paired.trim_1.fastq.gz:md5,4161df271f9bfcd25d5845a1e220dbec",
                        "test.paired.trim_2.fastq.gz:md5,2ebae722295ea66d84075a3b042e2b42"
                    ]
                ]
            ],
            [
                [
                    {
                        "id": "test",
                        "single_end": false
                    },
                    100.0
                ]
            ],
            [
                [
                    {
                        "id": "test",
                        "single_end": false
                    },
                    [
                        "test.unpaired.trim_1.fastq.gz:md5,d41d8cd98f00b204e9800998ecf8427e",
                        "test.unpaired.trim_2.fastq.gz:md5,d41d8cd98f00b204e9800998ecf8427e"
                    ]
                ]
            ],
            [
                
            ]
        ],
        "meta": {
            "nf-test": "0.9.2",
            "nextflow": "25.10.0"
        },
        "timestamp": "2026-02-10T17:25:30.909627856"
    },
    "sarscov2 paired-end [fastq] | save_trimmed_fail - stub": {
        "content": [
            {
                "0": [
                    
                ],
                "1": [
                    [
                        {
                            "id": "test",
                            "single_end": false
                        },
                        "test_raw.html:md5,d41d8cd98f00b204e9800998ecf8427e"
                    ]
                ],
                "10": [
                    "versions.yml:md5,50ace978236dd4cd3f29be19f74174c8"
                ],
                "2": [
                    [
                        {
                            "id": "test",
                            "single_end": false
                        },
                        "test_raw.zip:md5,d41d8cd98f00b204e9800998ecf8427e"
                    ]
                ],
                "3": [
                    
                ],
                "4": [
                    [
                        {
                            "id": "test",
                            "single_end": false
                        },
                        "test.summary:md5,d41d8cd98f00b204e9800998ecf8427e"
                    ]
                ],
                "5": [
                    [
                        {
                            "id": "test",
                            "single_end": false
                        },
                        "test_trim.log:md5,d41d8cd98f00b204e9800998ecf8427e"
                    ]
                ],
                "6": [
                    [
                        {
                            "id": "test",
                            "single_end": false
                        },
                        [
                            "test.unpaired.trim_1.fastq.gz:md5,68b329da9893e34099c7d8ad5cb9c940",
                            "test.unpaired.trim_2.fastq.gz:md5,68b329da9893e34099c7d8ad5cb9c940"
                        ]
                    ]
                ],
                "7": [
                    [
                        {
                            "id": "test",
                            "single_end": false
                        },
                        0
                    ]
                ],
                "8": [
                    
                ],
                "9": [
                    
                ],
                "fastqc_raw_html": [
                    [
                        {
                            "id": "test",
                            "single_end": false
                        },
                        "test_raw.html:md5,d41d8cd98f00b204e9800998ecf8427e"
                    ]
                ],
                "fastqc_raw_zip": [
                    [
                        {
                            "id": "test",
                            "single_end": false
                        },
                        "test_raw.zip:md5,d41d8cd98f00b204e9800998ecf8427e"
                    ]
                ],
                "fastqc_trim_html": [
                    
                ],
                "fastqc_trim_zip": [
                    
                ],
                "reads": [
                    
                ],
                "trim_log": [
                    [
                        {
                            "id": "test",
                            "single_end": false
                        },
                        "test_trim.log:md5,d41d8cd98f00b204e9800998ecf8427e"
                    ]
                ],
                "trim_read_count": [
                    [
                        {
                            "id": "test",
                            "single_end": false
                        },
                        0
                    ]
                ],
                "trim_summ": [
                    [
                        {
                            "id": "test",
                            "single_end": false
                        },
                        "test.summary:md5,d41d8cd98f00b204e9800998ecf8427e"
                    ]
                ],
                "trim_unpaired_reads": [
                    [
                        {
                            "id": "test",
                            "single_end": false
                        },
                        [
                            "test.unpaired.trim_1.fastq.gz:md5,68b329da9893e34099c7d8ad5cb9c940",
                            "test.unpaired.trim_2.fastq.gz:md5,68b329da9893e34099c7d8ad5cb9c940"
                        ]
                    ]
                ],
                "umi_log": [
                    
                ],
                "versions": [
                    "versions.yml:md5,50ace978236dd4cd3f29be19f74174c8"
                ]
            }
        ],
        "meta": {
            "nf-test": "0.9.2",
            "nextflow": "25.10.0"
        },
        "timestamp": "2026-01-05T11:20:08.760466169"
    },
    "sarscov2 paired-end [fastq] | skip_fastqc - stub": {
        "content": [
            {
                "0": [
                    
                ],
                "1": [
                    
                ],
                "10": [
                    "versions.yml:md5,50ace978236dd4cd3f29be19f74174c8"
                ],
                "2": [
                    
                ],
                "3": [
                    
                ],
                "4": [
                    [
                        {
                            "id": "test",
                            "single_end": false
                        },
                        "test.summary:md5,d41d8cd98f00b204e9800998ecf8427e"
                    ]
                ],
                "5": [
                    [
                        {
                            "id": "test",
                            "single_end": false
                        },
                        "test_trim.log:md5,d41d8cd98f00b204e9800998ecf8427e"
                    ]
                ],
                "6": [
                    [
                        {
                            "id": "test",
                            "single_end": false
                        },
                        [
                            "test.unpaired.trim_1.fastq.gz:md5,68b329da9893e34099c7d8ad5cb9c940",
                            "test.unpaired.trim_2.fastq.gz:md5,68b329da9893e34099c7d8ad5cb9c940"
                        ]
                    ]
                ],
                "7": [
                    [
                        {
                            "id": "test",
                            "single_end": false
                        },
                        0
                    ]
                ],
                "8": [
                    
                ],
                "9": [
                    
                ],
                "fastqc_raw_html": [
                    
                ],
                "fastqc_raw_zip": [
                    
                ],
                "fastqc_trim_html": [
                    
                ],
                "fastqc_trim_zip": [
                    
                ],
                "reads": [
                    
                ],
                "trim_log": [
                    [
                        {
                            "id": "test",
                            "single_end": false
                        },
                        "test_trim.log:md5,d41d8cd98f00b204e9800998ecf8427e"
                    ]
                ],
                "trim_read_count": [
                    [
                        {
                            "id": "test",
                            "single_end": false
                        },
                        0
                    ]
                ],
                "trim_summ": [
                    [
                        {
                            "id": "test",
                            "single_end": false
                        },
                        "test.summary:md5,d41d8cd98f00b204e9800998ecf8427e"
                    ]
                ],
                "trim_unpaired_reads": [
                    [
                        {
                            "id": "test",
                            "single_end": false
                        },
                        [
                            "test.unpaired.trim_1.fastq.gz:md5,68b329da9893e34099c7d8ad5cb9c940",
                            "test.unpaired.trim_2.fastq.gz:md5,68b329da9893e34099c7d8ad5cb9c940"
                        ]
                    ]
                ],
                "umi_log": [
                    
                ],
                "versions": [
                    "versions.yml:md5,50ace978236dd4cd3f29be19f74174c8"
                ]
            }
        ],
        "meta": {
            "nf-test": "0.9.2",
            "nextflow": "25.10.0"
        },
        "timestamp": "2026-01-05T11:19:19.884039656"
    },
    "sarscov2 paired-end [fastq] | save_merged - stub": {
        "content": [
            {
                "0": [
                    
                ],
                "1": [
                    [
                        {
                            "id": "test",
                            "single_end": false
                        },
                        "test_raw.html:md5,d41d8cd98f00b204e9800998ecf8427e"
                    ]
                ],
                "10": [
                    "versions.yml:md5,50ace978236dd4cd3f29be19f74174c8"
                ],
                "2": [
                    [
                        {
                            "id": "test",
                            "single_end": false
                        },
                        "test_raw.zip:md5,d41d8cd98f00b204e9800998ecf8427e"
                    ]
                ],
                "3": [
                    
                ],
                "4": [
                    [
                        {
                            "id": "test",
                            "single_end": false
                        },
                        "test.summary:md5,d41d8cd98f00b204e9800998ecf8427e"
                    ]
                ],
                "5": [
                    [
                        {
                            "id": "test",
                            "single_end": false
                        },
                        "test_trim.log:md5,d41d8cd98f00b204e9800998ecf8427e"
                    ]
                ],
                "6": [
                    [
                        {
                            "id": "test",
                            "single_end": false
                        },
                        [
                            "test.unpaired.trim_1.fastq.gz:md5,68b329da9893e34099c7d8ad5cb9c940",
                            "test.unpaired.trim_2.fastq.gz:md5,68b329da9893e34099c7d8ad5cb9c940"
                        ]
                    ]
                ],
                "7": [
                    [
                        {
                            "id": "test",
                            "single_end": false
                        },
                        0
                    ]
                ],
                "8": [
                    
                ],
                "9": [
                    
                ],
                "fastqc_raw_html": [
                    [
                        {
                            "id": "test",
                            "single_end": false
                        },
                        "test_raw.html:md5,d41d8cd98f00b204e9800998ecf8427e"
                    ]
                ],
                "fastqc_raw_zip": [
                    [
                        {
                            "id": "test",
                            "single_end": false
                        },
                        "test_raw.zip:md5,d41d8cd98f00b204e9800998ecf8427e"
                    ]
                ],
                "fastqc_trim_html": [
                    
                ],
                "fastqc_trim_zip": [
                    
                ],
                "reads": [
                    
                ],
                "trim_log": [
                    [
                        {
                            "id": "test",
                            "single_end": false
                        },
                        "test_trim.log:md5,d41d8cd98f00b204e9800998ecf8427e"
                    ]
                ],
                "trim_read_count": [
                    [
                        {
                            "id": "test",
                            "single_end": false
                        },
                        0
                    ]
                ],
                "trim_summ": [
                    [
                        {
                            "id": "test",
                            "single_end": false
                        },
                        "test.summary:md5,d41d8cd98f00b204e9800998ecf8427e"
                    ]
                ],
                "trim_unpaired_reads": [
                    [
                        {
                            "id": "test",
                            "single_end": false
                        },
                        [
                            "test.unpaired.trim_1.fastq.gz:md5,68b329da9893e34099c7d8ad5cb9c940",
                            "test.unpaired.trim_2.fastq.gz:md5,68b329da9893e34099c7d8ad5cb9c940"
                        ]
                    ]
                ],
                "umi_log": [
                    
                ],
                "versions": [
                    "versions.yml:md5,50ace978236dd4cd3f29be19f74174c8"
                ]
            }
        ],
        "meta": {
            "nf-test": "0.9.2",
            "nextflow": "25.10.0"
        },
        "timestamp": "2026-01-05T11:20:18.325610987"
    },
    "sarscov2 paired-end [fastq] | min_trimmed_reads = 26": {
        "content": [
            [
                [
                    {
                        "id": "test",
                        "single_end": false
                    },
                    [
                        "test.paired.trim_1.fastq.gz:md5,4161df271f9bfcd25d5845a1e220dbec",
                        "test.paired.trim_2.fastq.gz:md5,2ebae722295ea66d84075a3b042e2b42"
                    ]
                ]
            ],
            [
                [
                    {
                        "id": "test",
                        "single_end": false
                    },
                    100.0
                ]
            ],
            [
                [
                    {
                        "id": "test",
                        "single_end": false
                    },
                    [
                        "test.unpaired.trim_1.fastq.gz:md5,d41d8cd98f00b204e9800998ecf8427e",
                        "test.unpaired.trim_2.fastq.gz:md5,d41d8cd98f00b204e9800998ecf8427e"
                    ]
                ]
            ],
            [
                
            ]
        ],
        "meta": {
            "nf-test": "0.9.2",
            "nextflow": "25.10.0"
        },
        "timestamp": "2026-02-10T17:27:01.77560647"
    },
    "sarscov2 paired-end [fastq]": {
        "content": [
            [
                [
                    {
                        "id": "test",
                        "single_end": false
                    },
                    [
                        "test.paired.trim_1.fastq.gz:md5,4161df271f9bfcd25d5845a1e220dbec",
                        "test.paired.trim_2.fastq.gz:md5,2ebae722295ea66d84075a3b042e2b42"
                    ]
                ]
            ],
            [
                [
                    {
                        "id": "test",
                        "single_end": false
                    },
                    100.0
                ]
            ],
            null,
            null,
            [
                
            ]
        ],
        "meta": {
            "nf-test": "0.9.2",
            "nextflow": "25.10.0"
        },
        "timestamp": "2026-02-10T17:25:10.595987929"
    },
    "sarscov2 paired-end [fastq] | save_merged": {
        "content": [
            [
                [
                    {
                        "id": "test",
                        "single_end": false
                    },
                    [
                        "test.paired.trim_1.fastq.gz:md5,4161df271f9bfcd25d5845a1e220dbec",
                        "test.paired.trim_2.fastq.gz:md5,2ebae722295ea66d84075a3b042e2b42"
                    ]
                ]
            ],
            [
                [
                    {
                        "id": "test",
                        "single_end": false
                    },
                    100.0
                ]
            ],
            [
                [
                    {
                        "id": "test",
                        "single_end": false
                    },
                    [
                        "test.unpaired.trim_1.fastq.gz:md5,d41d8cd98f00b204e9800998ecf8427e",
                        "test.unpaired.trim_2.fastq.gz:md5,d41d8cd98f00b204e9800998ecf8427e"
                    ]
                ]
            ],
            [
                
            ]
        ],
        "meta": {
            "nf-test": "0.9.2",
            "nextflow": "25.10.0"
        },
        "timestamp": "2026-02-10T17:26:48.661112466"
    },
    "sarscov2 paired-end [fastq] - stub": {
        "content": [
            {
                "0": [
                    
                ],
                "1": [
                    [
                        {
                            "id": "test",
                            "single_end": false
                        },
                        "test_raw.html:md5,d41d8cd98f00b204e9800998ecf8427e"
                    ]
                ],
                "10": [
                    "versions.yml:md5,50ace978236dd4cd3f29be19f74174c8"
                ],
                "2": [
                    [
                        {
                            "id": "test",
                            "single_end": false
                        },
                        "test_raw.zip:md5,d41d8cd98f00b204e9800998ecf8427e"
                    ]
                ],
                "3": [
                    
                ],
                "4": [
                    [
                        {
                            "id": "test",
                            "single_end": false
                        },
                        "test.summary:md5,d41d8cd98f00b204e9800998ecf8427e"
                    ]
                ],
                "5": [
                    [
                        {
                            "id": "test",
                            "single_end": false
                        },
                        "test_trim.log:md5,d41d8cd98f00b204e9800998ecf8427e"
                    ]
                ],
                "6": [
                    [
                        {
                            "id": "test",
                            "single_end": false
                        },
                        [
                            "test.unpaired.trim_1.fastq.gz:md5,68b329da9893e34099c7d8ad5cb9c940",
                            "test.unpaired.trim_2.fastq.gz:md5,68b329da9893e34099c7d8ad5cb9c940"
                        ]
                    ]
                ],
                "7": [
                    [
                        {
                            "id": "test",
                            "single_end": false
                        },
                        0
                    ]
                ],
                "8": [
                    
                ],
                "9": [
                    
                ],
                "fastqc_raw_html": [
                    [
                        {
                            "id": "test",
                            "single_end": false
                        },
                        "test_raw.html:md5,d41d8cd98f00b204e9800998ecf8427e"
                    ]
                ],
                "fastqc_raw_zip": [
                    [
                        {
                            "id": "test",
                            "single_end": false
                        },
                        "test_raw.zip:md5,d41d8cd98f00b204e9800998ecf8427e"
                    ]
                ],
                "fastqc_trim_html": [
                    
                ],
                "fastqc_trim_zip": [
                    
                ],
                "reads": [
                    
                ],
                "trim_log": [
                    [
                        {
                            "id": "test",
                            "single_end": false
                        },
                        "test_trim.log:md5,d41d8cd98f00b204e9800998ecf8427e"
                    ]
                ],
                "trim_read_count": [
                    [
                        {
                            "id": "test",
                            "single_end": false
                        },
                        0
                    ]
                ],
                "trim_summ": [
                    [
                        {
                            "id": "test",
                            "single_end": false
                        },
                        "test.summary:md5,d41d8cd98f00b204e9800998ecf8427e"
                    ]
                ],
                "trim_unpaired_reads": [
                    [
                        {
                            "id": "test",
                            "single_end": false
                        },
                        [
                            "test.unpaired.trim_1.fastq.gz:md5,68b329da9893e34099c7d8ad5cb9c940",
                            "test.unpaired.trim_2.fastq.gz:md5,68b329da9893e34099c7d8ad5cb9c940"
                        ]
                    ]
                ],
                "umi_log": [
                    
                ],
                "versions": [
                    "versions.yml:md5,50ace978236dd4cd3f29be19f74174c8"
                ]
            }
        ],
        "meta": {
            "nf-test": "0.9.2",
            "nextflow": "25.10.0"
        },
        "timestamp": "2026-01-05T11:19:11.309238599"
    },
    "sarscov2 paired-end [fastq] | with_umi - stub": {
        "content": [
            {
                "0": [
                    
                ],
                "1": [
                    [
                        {
                            "id": "test",
                            "single_end": false
                        },
                        "test_raw.html:md5,d41d8cd98f00b204e9800998ecf8427e"
                    ]
                ],
                "10": [
                    "versions.yml:md5,50ace978236dd4cd3f29be19f74174c8"
                ],
                "2": [
                    [
                        {
                            "id": "test",
                            "single_end": false
                        },
                        "test_raw.zip:md5,d41d8cd98f00b204e9800998ecf8427e"
                    ]
                ],
                "3": [
                    [
                        {
                            "id": "test",
                            "single_end": false
                        },
                        "test.umi_extract.log:md5,d41d8cd98f00b204e9800998ecf8427e"
                    ]
                ],
                "4": [
                    [
                        {
                            "id": "test",
                            "single_end": false
                        },
                        "test.summary:md5,d41d8cd98f00b204e9800998ecf8427e"
                    ]
                ],
                "5": [
                    [
                        {
                            "id": "test",
                            "single_end": false
                        },
                        "test_trim.log:md5,d41d8cd98f00b204e9800998ecf8427e"
                    ]
                ],
                "6": [
                    [
                        {
                            "id": "test",
                            "single_end": false
                        },
                        [
                            "test.unpaired.trim_1.fastq.gz:md5,68b329da9893e34099c7d8ad5cb9c940",
                            "test.unpaired.trim_2.fastq.gz:md5,68b329da9893e34099c7d8ad5cb9c940"
                        ]
                    ]
                ],
                "7": [
                    [
                        {
                            "id": "test",
                            "single_end": false
                        },
                        0
                    ]
                ],
                "8": [
                    
                ],
                "9": [
                    
                ],
                "fastqc_raw_html": [
                    [
                        {
                            "id": "test",
                            "single_end": false
                        },
                        "test_raw.html:md5,d41d8cd98f00b204e9800998ecf8427e"
                    ]
                ],
                "fastqc_raw_zip": [
                    [
                        {
                            "id": "test",
                            "single_end": false
                        },
                        "test_raw.zip:md5,d41d8cd98f00b204e9800998ecf8427e"
                    ]
                ],
                "fastqc_trim_html": [
                    
                ],
                "fastqc_trim_zip": [
                    
                ],
                "reads": [
                    
                ],
                "trim_log": [
                    [
                        {
                            "id": "test",
                            "single_end": false
                        },
                        "test_trim.log:md5,d41d8cd98f00b204e9800998ecf8427e"
                    ]
                ],
                "trim_read_count": [
                    [
                        {
                            "id": "test",
                            "single_end": false
                        },
                        0
                    ]
                ],
                "trim_summ": [
                    [
                        {
                            "id": "test",
                            "single_end": false
                        },
                        "test.summary:md5,d41d8cd98f00b204e9800998ecf8427e"
                    ]
                ],
                "trim_unpaired_reads": [
                    [
                        {
                            "id": "test",
                            "single_end": false
                        },
                        [
                            "test.unpaired.trim_1.fastq.gz:md5,68b329da9893e34099c7d8ad5cb9c940",
                            "test.unpaired.trim_2.fastq.gz:md5,68b329da9893e34099c7d8ad5cb9c940"
                        ]
                    ]
                ],
                "umi_log": [
                    [
                        {
                            "id": "test",
                            "single_end": false
                        },
                        "test.umi_extract.log:md5,d41d8cd98f00b204e9800998ecf8427e"
                    ]
                ],
                "versions": [
                    "versions.yml:md5,50ace978236dd4cd3f29be19f74174c8"
                ]
            }
        ],
        "meta": {
            "nf-test": "0.9.2",
            "nextflow": "25.10.0"
        },
        "timestamp": "2026-02-10T17:27:31.957923538"
    },
    "sarscov2 paired-end [fastq] | skip_umi_extract - stub": {
        "content": [
            {
                "0": [
                    
                ],
                "1": [
                    [
                        {
                            "id": "test",
                            "single_end": false
                        },
                        "test_raw.html:md5,d41d8cd98f00b204e9800998ecf8427e"
                    ]
                ],
                "10": [
                    "versions.yml:md5,50ace978236dd4cd3f29be19f74174c8"
                ],
                "2": [
                    [
                        {
                            "id": "test",
                            "single_end": false
                        },
                        "test_raw.zip:md5,d41d8cd98f00b204e9800998ecf8427e"
                    ]
                ],
                "3": [
                    
                ],
                "4": [
                    [
                        {
                            "id": "test",
                            "single_end": false
                        },
                        "test.summary:md5,d41d8cd98f00b204e9800998ecf8427e"
                    ]
                ],
                "5": [
                    [
                        {
                            "id": "test",
                            "single_end": false
                        },
                        "test_trim.log:md5,d41d8cd98f00b204e9800998ecf8427e"
                    ]
                ],
                "6": [
                    [
                        {
                            "id": "test",
                            "single_end": false
                        },
                        [
                            "test.unpaired.trim_1.fastq.gz:md5,68b329da9893e34099c7d8ad5cb9c940",
                            "test.unpaired.trim_2.fastq.gz:md5,68b329da9893e34099c7d8ad5cb9c940"
                        ]
                    ]
                ],
                "7": [
                    [
                        {
                            "id": "test",
                            "single_end": false
                        },
                        0
                    ]
                ],
                "8": [
                    
                ],
                "9": [
                    
                ],
                "fastqc_raw_html": [
                    [
                        {
                            "id": "test",
                            "single_end": false
                        },
                        "test_raw.html:md5,d41d8cd98f00b204e9800998ecf8427e"
                    ]
                ],
                "fastqc_raw_zip": [
                    [
                        {
                            "id": "test",
                            "single_end": false
                        },
                        "test_raw.zip:md5,d41d8cd98f00b204e9800998ecf8427e"
                    ]
                ],
                "fastqc_trim_html": [
                    
                ],
                "fastqc_trim_zip": [
                    
                ],
                "reads": [
                    
                ],
                "trim_log": [
                    [
                        {
                            "id": "test",
                            "single_end": false
                        },
                        "test_trim.log:md5,d41d8cd98f00b204e9800998ecf8427e"
                    ]
                ],
                "trim_read_count": [
                    [
                        {
                            "id": "test",
                            "single_end": false
                        },
                        0
                    ]
                ],
                "trim_summ": [
                    [
                        {
                            "id": "test",
                            "single_end": false
                        },
                        "test.summary:md5,d41d8cd98f00b204e9800998ecf8427e"
                    ]
                ],
                "trim_unpaired_reads": [
                    [
                        {
                            "id": "test",
                            "single_end": false
                        },
                        [
                            "test.unpaired.trim_1.fastq.gz:md5,68b329da9893e34099c7d8ad5cb9c940",
                            "test.unpaired.trim_2.fastq.gz:md5,68b329da9893e34099c7d8ad5cb9c940"
                        ]
                    ]
                ],
                "umi_log": [
                    
                ],
                "versions": [
                    "versions.yml:md5,50ace978236dd4cd3f29be19f74174c8"
                ]
            }
        ],
        "meta": {
            "nf-test": "0.9.2",
            "nextflow": "25.10.0"
        },
        "timestamp": "2026-01-05T11:19:42.168607181"
    }
}