{
    "sarscov2 - fasta - mmseqs-linclust - stub": {
        "content": [
            [
                [
                    {
                        "id": "test"
                    },
                    "test_mmseqs.tsv:md5,d41d8cd98f00b204e9800998ecf8427e"
                ]
            ],
            [
                {
                    "FASTA_FASTQ_CLUST:MMSEQS_LINCLUST": {
                        "mmseqs": "18.8cc5c"
                    }
                },
                {
                    "FASTA_FASTQ_CLUST:MMSEQS_CREATEDB": {
                        "mmseqs": "18.8cc5c"
                    }
                },
                {
                    "FASTA_FASTQ_CLUST:MMSEQS_CREATETSV": {
                        "mmseqs": "18.8cc5c"
                    }
                }
            ]
        ],
        "meta": {
            "nf-test": "0.9.2",
            "nextflow": "25.10.0"
        },
        "timestamp": "2025-12-19T15:20:51.910395571"
    },
    "sarscov2 - fasta - cdhitest | multiple genomes": {
        "content": [
            [
                [
                    {
                        "id": "test"
                    },
                    "test_cdhit.fa.clstr:md5,40f4bb56cee5ce18cb555667c616011d"
                ]
            ],
            [
                {
                    "FASTA_FASTQ_CLUST:CDHIT_CDHITEST": {
                        "cdhit": "4.8.1"
                    }
                }
            ]
        ],
        "meta": {
            "nf-test": "0.9.2",
            "nextflow": "25.10.0"
        },
        "timestamp": "2025-12-19T15:19:05.359587299"
    },
    "sarscov2 - fasta + fastq - vrhyme | multiple genomes": {
        "content": [
            [

            ],
            [

            ]
        ],
        "meta": {
            "nf-test": "0.9.2",
            "nextflow": "25.10.0"
        },
        "timestamp": "2025-12-19T15:20:10.993392919"
    },
    "sarscov2 - fasta - cdhitest - stub": {
        "content": [
            [
                [
                    {
                        "id": "test"
                    },
                    "test.fa.clstr:md5,d41d8cd98f00b204e9800998ecf8427e"
                ]
            ],
            [
                {
                    "FASTA_FASTQ_CLUST:CDHIT_CDHITEST": {
                        "cdhit": "4.8.1"
                    }
                }
            ]
        ],
        "meta": {
            "nf-test": "0.9.2",
            "nextflow": "25.10.0"
        },
        "timestamp": "2025-12-19T15:20:43.344792496"
    },
    "sarscov2 - fasta - mmseqs-linclust": {
        "content": [
            [
                [
                    {
                        "id": "test"
                    },
                    "test_mmseqs.tsv:md5,4cda402c32299be14b085d4b2ea26bbd"
                ]
            ],
            [
                {
                    "FASTA_FASTQ_CLUST:MMSEQS_LINCLUST": {
                        "mmseqs": "18.8cc5c"
                    }
                },
                {
                    "FASTA_FASTQ_CLUST:MMSEQS_CREATEDB": {
                        "mmseqs": "18.8cc5c"
                    }
                },
                {
                    "FASTA_FASTQ_CLUST:MMSEQS_CREATETSV": {
                        "mmseqs": "18.8cc5c"
                    }
                }
            ]
        ],
        "meta": {
            "nf-test": "0.9.2",
            "nextflow": "25.10.0"
        },
        "timestamp": "2025-12-19T15:19:21.937697297"
    },
    "sarscov2 - fasta - vsearch": {
        "content": [
            [
                [
                    {
                        "id": "test"
                    },
                    "test_vsearch.uc.tsv.gz:md5,5ad85bf376a3d2f9789a081c73619b55"
                ]
            ],
            [
                {
                    "FASTA_FASTQ_CLUST:VSEARCH_CLUSTER": {
                        "vsearch": "2.21.1"
                    }
                }
            ]
        ],
        "meta": {
            "nf-test": "0.9.2",
            "nextflow": "25.10.0"
        },
        "timestamp": "2025-12-19T15:18:39.326238468"
    },
    "sarscov2 - fasta - mmseqs-linclust | multiple genomes": {
        "content": [
            [
                [
                    {
                        "id": "test"
                    },
                    "test_mmseqs.tsv:md5,dd6368e5da8011f8aedb0ea51e0e35b6"
                ]
            ],
            [
                {
                    "FASTA_FASTQ_CLUST:MMSEQS_LINCLUST": {
                        "mmseqs": "18.8cc5c"
                    }
                },
                {
                    "FASTA_FASTQ_CLUST:MMSEQS_CREATEDB": {
                        "mmseqs": "18.8cc5c"
                    }
                },
                {
                    "FASTA_FASTQ_CLUST:MMSEQS_CREATETSV": {
                        "mmseqs": "18.8cc5c"
                    }
                }
            ]
        ],
        "meta": {
            "nf-test": "0.9.2",
            "nextflow": "25.10.0"
        },
        "timestamp": "2025-12-19T15:19:30.721702189"
    },
    "sarscov2 - fasta - vsearch | multiple genomes": {
        "content": [
            [
                [
                    {
                        "id": "test"
                    },
                    "test_vsearch.uc.tsv.gz:md5,f706febe79ad57980e1f2502dbffa556"
                ]
            ],
            [
                {
                    "FASTA_FASTQ_CLUST:VSEARCH_CLUSTER": {
                        "vsearch": "2.21.1"
                    }
                }
            ]
        ],
        "meta": {
            "nf-test": "0.9.2",
            "nextflow": "25.10.0"
        },
        "timestamp": "2025-12-19T15:18:50.526597029"
    },
    "sarscov2 - fasta - mmseqs-cluster - stub": {
        "content": [
            [
                [
                    {
                        "id": "test"
                    },
                    "test_mmseqs.tsv:md5,d41d8cd98f00b204e9800998ecf8427e"
                ]
            ],
            [
                {
                    "FASTA_FASTQ_CLUST:MMSEQS_CLUSTER": {
                        "mmseqs": "18.8cc5c"
                    }
                },
                {
                    "FASTA_FASTQ_CLUST:MMSEQS_CREATEDB": {
                        "mmseqs": "18.8cc5c"
                    }
                },
                {
                    "FASTA_FASTQ_CLUST:MMSEQS_CREATETSV": {
                        "mmseqs": "18.8cc5c"
                    }
                }
            ]
        ],
        "meta": {
            "nf-test": "0.9.2",
            "nextflow": "25.10.0"
        },
        "timestamp": "2025-12-19T15:21:00.255975238"
    },
    "sarscov2 - fasta - vsearch - stub": {
        "content": [
            [
                [
                    {
                        "id": "test"
                    },
                    "test_vsearch.uc.tsv.gz:md5,68b329da9893e34099c7d8ad5cb9c940"
                ]
            ],
            [
                {
                    "FASTA_FASTQ_CLUST:VSEARCH_CLUSTER": {
                        "vsearch": "2.21.1"
                    }
                }
            ]
        ],
        "meta": {
            "nf-test": "0.9.2",
            "nextflow": "25.10.0"
        },
        "timestamp": "2025-12-19T15:20:36.113044526"
    },
    "sarscov2 - fasta + fastq - vrhyme - stub": {
        "content": [
            [

            ],
            [

            ]
        ],
        "meta": {
            "nf-test": "0.9.2",
            "nextflow": "25.10.0"
        },
        "timestamp": "2025-12-19T15:21:06.491089082"
    },
    "sarscov2 - fasta - mash | multiple genomes": {
        "content": [
            [
                [
                    {
                        "id": "test"
                    },
                    "test_mash.tsv:md5,d58ff80b888113c80befcc51baa636b4"
                ]
            ],
            [
                {
                    "FASTA_FASTQ_CLUST:MASH_DIST": {
                        "mash": 2.3
                    }
                }
            ]
        ],
        "meta": {
            "nf-test": "0.9.2",
            "nextflow": "25.10.0"
        },
        "timestamp": "2025-12-19T15:20:28.763533841"
    },
    "sarscov2 - fasta - mmseqs-cluster": {
        "content": [
            [
                [
                    {
                        "id": "test"
                    },
                    "test_mmseqs.tsv:md5,4cda402c32299be14b085d4b2ea26bbd"
                ]
            ],
            [
                {
                    "FASTA_FASTQ_CLUST:MMSEQS_CLUSTER": {
                        "mmseqs": "18.8cc5c"
                    }
                },
                {
                    "FASTA_FASTQ_CLUST:MMSEQS_CREATEDB": {
                        "mmseqs": "18.8cc5c"
                    }
                },
                {
                    "FASTA_FASTQ_CLUST:MMSEQS_CREATETSV": {
                        "mmseqs": "18.8cc5c"
                    }
                }
            ]
        ],
        "meta": {
            "nf-test": "0.9.2",
            "nextflow": "25.10.0"
        },
        "timestamp": "2025-12-19T15:19:44.268433311"
    },
    "sarscov2 - fasta - mash": {
        "content": [
            [
                [
                    {
                        "id": "test"
                    },
                    "test.txt:md5,043da2de546182748941ff9949b50855"
                ]
            ],
            [
                {
                    "FASTA_FASTQ_CLUST:MASH_DIST": {
                        "mash": 2.3
                    }
                }
            ]
        ],
        "meta": {
            "nf-test": "0.9.2",
            "nextflow": "25.10.0"
        },
        "timestamp": "2025-12-19T15:38:49.014915405"
    },
    "sarscov2 - fasta - mmseqs-cluster | multiple genomes": {
        "content": [
            [
                [
                    {
                        "id": "test"
                    },
                    "test_mmseqs.tsv:md5,3bd3c4b9b4a562184ef81d748f90c7f4"
                ]
            ],
            [
                {
                    "FASTA_FASTQ_CLUST:MMSEQS_CLUSTER": {
                        "mmseqs": "18.8cc5c"
                    }
                },
                {
                    "FASTA_FASTQ_CLUST:MMSEQS_CREATEDB": {
                        "mmseqs": "18.8cc5c"
                    }
                },
                {
                    "FASTA_FASTQ_CLUST:MMSEQS_CREATETSV": {
                        "mmseqs": "18.8cc5c"
                    }
                }
            ]
        ],
        "meta": {
            "nf-test": "0.9.2",
            "nextflow": "25.10.0"
        },
        "timestamp": "2025-12-19T15:19:58.065155262"
    },
    "sarscov2 - fasta - cdhitest": {
        "content": [
            [
                [
                    {
                        "id": "test"
                    },
                    "test_cdhit.fa.clstr:md5,ac009dbdd5e13744729c5e968a19bd92"
                ]
            ],
            [
                {
                    "FASTA_FASTQ_CLUST:CDHIT_CDHITEST": {
                        "cdhit": "4.8.1"
                    }
                }
            ]
        ],
        "meta": {
            "nf-test": "0.9.2",
            "nextflow": "25.10.0"
        },
        "timestamp": "2025-12-19T15:18:58.005570736"
    },
    "sarscov2 - fasta + fastq - vrhyme": {
        "content": [
            [

            ],
            [

            ]
        ],
        "meta": {
            "nf-test": "0.9.2",
            "nextflow": "25.10.0"
        },
        "timestamp": "2025-12-19T15:20:04.754542004"
    },
    "sarscov2 - fasta - cdhitest | low identity threshold": {
        "content": [
            [
                [
                    {
                        "id": "test"
                    },
                    "test_cdhit.fa.clstr:md5,ac009dbdd5e13744729c5e968a19bd92"
                ]
            ],
            [
                {
                    "FASTA_FASTQ_CLUST:CDHIT_CDHITEST": {
                        "cdhit": "4.8.1"
                    }
                }
            ]
        ],
        "meta": {
            "nf-test": "0.9.2",
            "nextflow": "25.10.0"
        },
        "timestamp": "2025-12-19T15:19:12.896451689"
    },
    "sarscov2 - fasta - mash - stub": {
        "content": [
            [
                [
                    {
                        "id": "test"
                    },
                    "test.txt:md5,d41d8cd98f00b204e9800998ecf8427e"
                ]
            ],
            [
                {
                    "FASTA_FASTQ_CLUST:MASH_DIST": {
                        "mash": 2.3
                    }
                }
            ]
        ],
        "meta": {
            "nf-test": "0.9.2",
            "nextflow": "25.10.0"
        },
        "timestamp": "2025-12-19T15:21:13.846686069"
    }
}