{
    "vanilla JsonSlurper test (broken behaviour) - should return >0 NPEs": {
        "content": [
            [
                "org.apache.groovy.json.internal.LazyMap"
            ],
            [
                "NullPointerException: Cannot load from object array because \"this.keys\" is null"
            ]
        ],
        "timestamp": "2026-05-19T11:53:43.269524",
        "meta": {
            "nf-test": "0.9.5",
            "nextflow": "26.04.1"
        }
    },
    "getMapFromJson test (current fix) - should return 0 NPEs": {
        "content": [
            [
                "java.util.HashMap"
            ],
            [
                ""
            ]
        ],
        "timestamp": "2026-05-19T11:54:46.298767",
        "meta": {
            "nf-test": "0.9.5",
            "nextflow": "26.04.1"
        }
    }
}